// Jest Snapshot v1, https://goo.gl/fbAQLP

exports[`Labelのテスト snapshot 1`] = `
<DocumentFragment>
  <label
    class="css-1lu35ut"
  />
</DocumentFragment>
`;
