// Jest Snapshot v1, https://goo.gl/fbAQLP

exports[`InputTextのテスト snapshot 1`] = `
<DocumentFragment>
  <div
    class="css-j7qwjs"
  >
    <div
      class="css-69i1ev"
    >
      <label
        class="css-1lu35ut"
        for="test"
      >
        ラベル
      </label>
    </div>
    <input
      autocomplete="off"
      class="css-glhwro"
      id="test"
      type="text"
      value="test"
    />
  </div>
</DocumentFragment>
`;
