// Jest Snapshot v1, https://goo.gl/fbAQLP

exports[`ErrorMessageテスト snapshot 1`] = `
<DocumentFragment>
  .emotion-0 {
  font-size: 14px;
  color: #FF5656;
  margin: 0;
  padding: 0;
}

<p
    class="emotion-0"
  >
    エラー内容がここに入ります。
  </p>
</DocumentFragment>
`;
