// Jest Snapshot v1, https://goo.gl/fbAQLP

exports[`CompanySystemListのテスト snapshot 1`] = `
<DocumentFragment>
  .emotion-0 {
  display: -webkit-box;
  display: -webkit-flex;
  display: -ms-flexbox;
  display: flex;
  -webkit-flex-direction: column;
  -ms-flex-direction: column;
  flex-direction: column;
  gap: 16px;
  list-style: none;
  margin: 0;
  padding: 0;
}

.emotion-1 {
  position: relative;
}

.emotion-2 {
  -webkit-text-decoration: none;
  text-decoration: none;
  color: #333;
}

.emotion-3 {
  width: 46px;
  height: 46px;
  border-radius: 9999px;
  display: -webkit-box;
  display: -webkit-flex;
  display: -ms-flexbox;
  display: flex;
  -webkit-align-items: center;
  -webkit-box-align: center;
  -ms-flex-align: center;
  align-items: center;
  -webkit-box-pack: center;
  -ms-flex-pack: center;
  -webkit-justify-content: center;
  justify-content: center;
  font-weight: 700;
  font-size: 24px;
  color: #fff;
  box-shadow: 0 4px 6px -1px rgba(0, 0, 0, 0.1),0 2px 4px -1px rgba(0, 0, 0, 0.06);
  text-shadow: 2px 1px 1px #b67b03;
  background: linear-gradient(45deg, #B67B03 0%, #DAAF08 45%, #FEE9A0 70%, #DAAF08 85%, #B67B03 90% 100%);
  position: absolute;
  top: -13px;
  left: -13px;
}

@media (min-width: 580px) {
  .emotion-3 {
    left: 30px;
  }
}

.emotion-4 {
  width: 100%;
  height: 198px;
  background: conic-gradient(from -60.2deg at 49.85% 50%, rgba(255, 113, 181, 0.958021) 0deg, rgba(112, 109, 255, 0.904531) 116.87deg, #FF71B5 177.81deg, rgba(112, 109, 255, 0.87) 302.34deg, rgba(255, 113, 181, 0.958021) 360deg);
  -webkit-background-size: cover;
  background-size: cover;
  padding: 10px;
  box-shadow: 0px 4px 4px rgba(0, 0, 0, 0.25);
}

@media (min-width: 580px) {
  .emotion-4 {
    width: 350px;
    margin: 0 auto;
  }
}

.emotion-5 {
  display: -webkit-box;
  display: -webkit-flex;
  display: -ms-flexbox;
  display: flex;
  -webkit-flex-direction: column;
  -ms-flex-direction: column;
  flex-direction: column;
  background-color: #fff;
  height: 100%;
  border-radius: 12px;
  padding: 10px 20px;
}

.emotion-6 {
  margin: 0;
  font-size: 24px;
  letter-spacing: 0.025em;
  font-weight: 900;
  line-break: anywhere;
  line-height: 1.4;
  max-height: 76px;
  -webkit-line-clamp: 3;
  -webkit-box-orient: vertical;
  overflow: hidden;
  display: -webkit-box;
}

.emotion-7 {
  margin: 0;
  margin-top: 8px;
  line-height: 1.65;
  font-weight: 500;
  font-size: 14px;
  -webkit-line-clamp: 2;
  -webkit-box-orient: vertical;
  overflow: hidden;
  display: -webkit-box;
  min-height: 48px;
}

.emotion-8 {
  -webkit-box-flex: 1;
  -webkit-flex-grow: 1;
  -ms-flex-positive: 1;
  flex-grow: 1;
}

.emotion-9 {
  margin-top: 4px;
  display: -webkit-box;
  display: -webkit-flex;
  display: -ms-flexbox;
  display: flex;
  -webkit-box-pack: justify;
  -webkit-justify-content: space-between;
  justify-content: space-between;
  -webkit-align-items: center;
  -webkit-box-align: center;
  -ms-flex-align: center;
  align-items: center;
}

.emotion-10 {
  margin: 0;
  line-height: 1.2;
  font-weight: 400;
  font-size: 14px;
  -webkit-line-clamp: 1;
  -webkit-box-orient: vertical;
  overflow: hidden;
  display: -webkit-box;
}

.emotion-11 {
  width: 33px;
  height: 33px;
}

.emotion-14 {
  width: 46px;
  height: 46px;
  border-radius: 9999px;
  display: -webkit-box;
  display: -webkit-flex;
  display: -ms-flexbox;
  display: flex;
  -webkit-align-items: center;
  -webkit-box-align: center;
  -ms-flex-align: center;
  align-items: center;
  -webkit-box-pack: center;
  -ms-flex-pack: center;
  -webkit-justify-content: center;
  justify-content: center;
  font-weight: 700;
  font-size: 24px;
  color: #fff;
  box-shadow: 0 4px 6px -1px rgba(0, 0, 0, 0.1),0 2px 4px -1px rgba(0, 0, 0, 0.06);
  text-shadow: 2px 1px 1px #757575;
  background: linear-gradient(45deg, #757575 0%, #9E9E9E 45%, #E8E8E8 70%, #9E9E9E 85%, #757575 90% 100%);
  position: absolute;
  top: -13px;
  left: -13px;
}

@media (min-width: 580px) {
  .emotion-14 {
    left: 30px;
  }
}

.emotion-25 {
  width: 46px;
  height: 46px;
  border-radius: 9999px;
  display: -webkit-box;
  display: -webkit-flex;
  display: -ms-flexbox;
  display: flex;
  -webkit-align-items: center;
  -webkit-box-align: center;
  -ms-flex-align: center;
  align-items: center;
  -webkit-box-pack: center;
  -ms-flex-pack: center;
  -webkit-justify-content: center;
  justify-content: center;
  font-weight: 700;
  font-size: 24px;
  color: #fff;
  box-shadow: 0 4px 6px -1px rgba(0, 0, 0, 0.1),0 2px 4px -1px rgba(0, 0, 0, 0.06);
  text-shadow: 2px 1px 1px #BE7023;
  background: linear-gradient(45deg, #BE7023 0%, #D77E27 45%, #FFCB98 70%, #D77E27 85%, #BE7023 90% 100%);
  position: absolute;
  top: -13px;
  left: -13px;
}

@media (min-width: 580px) {
  .emotion-25 {
    left: 30px;
  }
}

<ul
    class="emotion-0"
  >
    <li
      class="emotion-1"
    >
      <a
        class="emotion-2"
        href="/s/0"
      >
        <div
          class="emotion-3"
        >
          1
        </div>
        <div
          class="emotion-4"
        >
          <div
            class="emotion-5"
          >
            <h2
              class="emotion-6"
              id="gradientTitle0"
            >
              おひるねし放題制度
            </h2>
            <p
              class="emotion-7"
            >
              業務時間内中に一度だけ昼寝する事を可能にする制度。二度寝は禁止で、昼寝開始から終了までの睡眠時間を業務時間として申請することができる。
            </p>
            <div
              class="emotion-8"
            />
            <div
              class="emotion-9"
            >
              <p
                class="emotion-10"
              >
                @manaki
              </p>
              <img
                class="emotion-11"
                src="/logo.svg"
              />
            </div>
          </div>
        </div>
      </a>
    </li>
    <li
      class="emotion-1"
    >
      <a
        class="emotion-2"
        href="/s/1"
      >
        <div
          class="emotion-14"
        >
          2
        </div>
        <div
          class="emotion-4"
        >
          <div
            class="emotion-5"
          >
            <h2
              class="emotion-6"
              id="gradientTitle1"
            >
              おひるねし放題制度
            </h2>
            <p
              class="emotion-7"
            >
              業務時間内中に一度だけ昼寝する事を可能にする制度。二度寝は禁止で、昼寝開始から終了までの睡眠時間を業務時間として申請することができる。
            </p>
            <div
              class="emotion-8"
            />
            <div
              class="emotion-9"
            >
              <p
                class="emotion-10"
              >
                @manaki
              </p>
              <img
                class="emotion-11"
                src="/logo.svg"
              />
            </div>
          </div>
        </div>
      </a>
    </li>
    <li
      class="emotion-1"
    >
      <a
        class="emotion-2"
        href="/s/2"
      >
        <div
          class="emotion-25"
        >
          3
        </div>
        <div
          class="emotion-4"
        >
          <div
            class="emotion-5"
          >
            <h2
              class="emotion-6"
              id="gradientTitle2"
            >
              おひるねし放題制度
            </h2>
            <p
              class="emotion-7"
            >
              業務時間内中に一度だけ昼寝する事を可能にする制度。二度寝は禁止で、昼寝開始から終了までの睡眠時間を業務時間として申請することができる。
            </p>
            <div
              class="emotion-8"
            />
            <div
              class="emotion-9"
            >
              <p
                class="emotion-10"
              >
                @manaki
              </p>
              <img
                class="emotion-11"
                src="/logo.svg"
              />
            </div>
          </div>
        </div>
      </a>
    </li>
    <li
      class="emotion-1"
    >
      <a
        class="emotion-2"
        href="/s/3"
      >
        <div
          class="emotion-25"
        >
          4
        </div>
        <div
          class="emotion-4"
        >
          <div
            class="emotion-5"
          >
            <h2
              class="emotion-6"
              id="gradientTitle3"
            >
              おひるねし放題制度
            </h2>
            <p
              class="emotion-7"
            >
              業務時間内中に一度だけ昼寝する事を可能にする制度。二度寝は禁止で、昼寝開始から終了までの睡眠時間を業務時間として申請することができる。
            </p>
            <div
              class="emotion-8"
            />
            <div
              class="emotion-9"
            >
              <p
                class="emotion-10"
              >
                @manaki
              </p>
              <img
                class="emotion-11"
                src="/logo.svg"
              />
            </div>
          </div>
        </div>
      </a>
    </li>
    <li
      class="emotion-1"
    >
      <a
        class="emotion-2"
        href="/s/4"
      >
        <div
          class="emotion-25"
        >
          5
        </div>
        <div
          class="emotion-4"
        >
          <div
            class="emotion-5"
          >
            <h2
              class="emotion-6"
              id="gradientTitle4"
            >
              おひるねし放題制度
            </h2>
            <p
              class="emotion-7"
            >
              業務時間内中に一度だけ昼寝する事を可能にする制度。二度寝は禁止で、昼寝開始から終了までの睡眠時間を業務時間として申請することができる。
            </p>
            <div
              class="emotion-8"
            />
            <div
              class="emotion-9"
            >
              <p
                class="emotion-10"
              >
                @manaki
              </p>
              <img
                class="emotion-11"
                src="/logo.svg"
              />
            </div>
          </div>
        </div>
      </a>
    </li>
  </ul>
</DocumentFragment>
`;
